// Jest Snapshot v1, https://goo.gl/fbAQLP

exports[`ListHeading: Test visual of component renders correctly 1`] = `
<h1
  className="font-weight-bold"
>
  Test Heading
</h1>
`;
